// Jest Snapshot v1, https://goo.gl/fbAQLP

exports[`WeatherCardSkeleton matches snapshot 1`] = `
<div>
  <div
    class="min-w-sm relative flex w-full max-w-sm animate-pulse justify-center rounded-2xl bg-gray-300 p-5 dark:bg-gray-600"
  >
    <div
      class="w-full space-y-5"
    >
      <div
        class="flex justify-between"
      >
        <span
          class="h-7 w-2/3 animate-pulse rounded bg-gray-400 dark:bg-gray-500"
        />
        <div
          class="flex gap-2"
        >
          <div
            class="h-7 w-7 animate-pulse text-3xl text-gray-400"
          />
        </div>
      </div>
      <div
        class="flex items-center justify-between"
      >
        <div
          class="flex items-center justify-center gap-2"
        >
          <div
            class="h-24 w-24 animate-pulse rounded-full bg-gray-400 dark:bg-gray-500"
          />
          <h1
            class="h-20 w-24 animate-pulse rounded bg-gray-400 text-6xl dark:bg-gray-500"
          />
        </div>
        <div
          class="flex items-center justify-center"
        >
          <span
            class="h-7 w-20 animate-pulse rounded bg-gray-400 text-xl font-bold dark:bg-gray-500"
          />
        </div>
      </div>
    </div>
  </div>
</div>
`;
