// Jest Snapshot v1, https://goo.gl/fbAQLP

exports[`WeatherCardSkeleton matches snapshot 1`] = `
<div>
  <div
    class="w-full space-y-2 bg-slate-100 dark:bg-slate-800"
  >
    <div
      class="h-16 w-full animate-pulse rounded-md bg-gray-300 dark:bg-gray-500"
    />
    <div
      class="h-16 w-full animate-pulse rounded-md bg-gray-300 dark:bg-gray-500"
    />
    <div
      class="h-16 w-full animate-pulse rounded-md bg-gray-300 dark:bg-gray-500"
    />
  </div>
</div>
`;
